.\venv\Scripts\python.exe : 
Traceback (most recent call 
last):
At line:1 char:1
+ .\venv\Scripts\python.exe 
test_openai.py > 
test_output.txt 2>&1
+ ~~~~~~~~~~~~~~~~~~~~~~~~~~~~
~~~~~~~~~~~~~~~~~~~~~~~~~~~~~~
~~~~~
    + CategoryInfo          : 
    NotSpecified: (Traceback  
   (most recent call last):   
 :String) [], RemoteExcept    
ion
    + FullyQualifiedErrorId : 
    NativeCommandError
 
  File "C:\meetai\meetai\backe
nd\test_openai.py", line 11, 
in <module>
    client = 
OpenAI(api_key="sk-test")
  File "C:\meetai\meetai\backe
nd\venv\Lib\site-packages\open
ai\_client.py", line 112, in 
__init__
    super().__init__(
    ~~~~~~~~~~~~~~~~^
        version=__version__,
        ^^^^^^^^^^^^^^^^^^^^
    ...<6 lines>...
        _strict_response_valid
ation=_strict_response_validat
ion,
        ^^^^^^^^^^^^^^^^^^^^^^
^^^^^^^^^^^^^^^^^^^^^^^^^^^^^^
^^^^
    )
    ^
  File "C:\meetai\meetai\backe
nd\venv\Lib\site-packages\open
ai\_base_client.py", line 
773, in __init__
    self._client = 
http_client or 
SyncHttpxClientWrapper(
                              
    ~~~~~~~~~~~~~~~~~~~~~~^
        base_url=base_url,
        ^^^^^^^^^^^^^^^^^^
    ...<5 lines>...
        follow_redirects=True,
        ^^^^^^^^^^^^^^^^^^^^^^
    )
    ^
TypeError: Client.__init__() 
got an unexpected keyword 
argument 'proxies'
OpenAI version: 1.10.0
OpenAI file: C:\meetai\meetai\backend\venv\Lib\site-packages\openai\__init__.py
Attempting to initialize OpenAI client...
Error: Client.__init__() got an unexpected keyword argument 'proxies'

Inspecting OpenAI class:
OpenAI class: <class 'openai.OpenAI'>
Bases: (<class 'openai._base_client.SyncAPIClient'>,)
Init signature: (self, *, api_key: 'str | None' = None, organization: 'str | None' = None, base_url: 'str | httpx.URL | None' = None, timeout: 'Union[float, Timeout, None, NotGiven]' = NOT_GIVEN, max_retries: 'int' = 2, default_headers: 'Mapping[str, str] | None' = None, default_query: 'Mapping[str, object] | None' = None, http_client: 'httpx.Client | None' = None, _strict_response_validation: 'bool' = False) -> 'None'
